LAYER
MAXSCALEDENOM 999999999
MINSCALEDENOM 268435456
NAME 'land1'
TYPE POLYGON
GROUP 'default'
STATUS ON
PROJECTION
'init=epsg:4326'
END
PROCESSING 'LABEL_NO_CLIP=ON'
PROCESSING 'CLOSE_CONNECTION=DEFER'
DATA "TM_WORLD_BORDERS-0.3.shp"
CLASS
STYLE
COLOR '#F4F3F0'
OUTLINECOLOR '#F4F3F0'
END
END
END
LAYER
MAXSCALEDENOM 999999999
MINSCALEDENOM 268435456
NAME 'places1'
TYPE ANNOTATION
CONNECTION "host=192.168.6.20 dbname=osmqc user=osmqc password=osmqc port=5432"
CONNECTIONTYPE POSTGIS
GROUP 'default'
STATUS ON
PROJECTION
'init=epsg:900913'
END
PROCESSING 'LABEL_NO_CLIP=ON'
PROCESSING 'CLOSE_CONNECTION=DEFER'
DATA "geometry from (select * from osm_new_places where type in ('country','continent') and name is not NULL order by z_order, population asc nulls first) as foo using unique osm_id using srid=900913"
LABELITEM 'name'
CLASSITEM 'type'
CLASS
EXPRESSION 'continents'
LABEL
FONT 'scb'
TYPE TRUETYPE
ENCODING 'utf-8'
SIZE 8
COLOR 100 100 100
OUTLINECOLOR -1 -1 -1
OUTLINEWIDTH 1
BUFFER 4
PARTIALS FALSE
POSITION CC
END
END
END
