LAYER
MAXSCALEDENOM 1048575
MINSCALEDENOM 524288
NAME 'land10'
TYPE POLYGON
GROUP 'default'
STATUS ON
PROJECTION
'init=epsg:900913'
END
PROCESSING 'LABEL_NO_CLIP=ON'
PROCESSING 'CLOSE_CONNECTION=DEFER'
DATA "processed_p"
CLASS
STYLE
COLOR '#F4F3F0'
OUTLINECOLOR '#F4F3F0'
END
END
END
LAYER
MAXSCALEDENOM 1048575
MINSCALEDENOM 524288
NAME 'landusage10'
TYPE POLYGON
GROUP 'default'
STATUS ON
PROJECTION
'init=epsg:900913'
END
PROCESSING 'LABEL_NO_CLIP=ON'
PROCESSING 'CLOSE_CONNECTION=DEFER'
CONNECTION "host=192.168.6.20 dbname=osmqc user=osmqc password=osmqc port=5432"
CONNECTIONTYPE POSTGIS
DATA "geometry from (select geometry ,osm_id, type, name from osm_new_landusages_gen1 where type in ('forest','pedestrian','cemetery','industrial','commercial','brownfield','residential','school','college','university','military','park','golf_course','hospital','parking','stadium','sports_center','pitch', 'nature_reserve') order by area desc) as foo using unique osm_id using srid=900913"
CLASSITEM 'type'
LABELITEM 'name'
CLASS
EXPRESSION /forest|wood/
STYLE
COLOR '#C2D182'
END
END
CLASS
EXPRESSION 'residential'
STYLE
COLOR '#E3DED4'
END
END
CLASS
EXPRESSION 'pedestrian'
STYLE
OUTLINEWIDTH 1
OUTLINECOLOR 193 181 157
COLOR '#FFFFFF'
END
END
CLASS
EXPRESSION 'industrial'
STYLE
COLOR '#D1D1D1'
END
END
CLASS
EXPRESSION 'commercial'
STYLE
COLOR '#D1D1D1'
END
END
CLASS
EXPRESSION 'cemetery'
STYLE
COLOR '#D1D1D1'
END
END
CLASS
EXPRESSION ('[type]' = 'park' AND length('[name]') = 0)
STYLE
COLOR '#DCDCB4'
END
END
CLASS
EXPRESSION ('[type]' = 'park' AND length('[name]') > 0)
STYLE
COLOR '#DCDCB4'
END
END
CLASS
EXPRESSION ('[type]' = 'golf_course' AND length('[name]') = 0)
STYLE
COLOR '#DCDCB4'
END
END
CLASS
EXPRESSION ('[type]' = 'golf_course' AND length('[name]') > 0)
STYLE
COLOR '#DCDCB4'
END
END
CLASS
EXPRESSION ('[type]' = 'nature_reserve' AND length('[name]') = 0)
STYLE
COLOR '#DCDCB4'
END
END
CLASS
EXPRESSION ('[type]' = 'nature_reserve' AND length('[name]') > 0)
STYLE
COLOR '#DCDCB4'
END
END
CLASS
EXPRESSION 'hospital'
STYLE
COLOR '#E6C8C3'
END
END
CLASS
EXPRESSION /school|college|university/
STYLE
COLOR '#DED1AB'
END
END
CLASS
EXPRESSION /sports_center|stadium|pitch/
STYLE
COLOR '#DED1AB'
END
END
CLASS
EXPRESSION 'parking'
STYLE
COLOR '#AAAAAA'
END
TEXT 'P'
END
END
LAYER
MAXSCALEDENOM 1048575
MINSCALEDENOM 524288
NAME 'transport_areas10'
TYPE POINT
GROUP 'default'
STATUS ON
PROJECTION
'init=epsg:900913'
END
PROCESSING 'LABEL_NO_CLIP=ON'
PROCESSING 'CLOSE_CONNECTION=DEFER'
CONNECTION "host=192.168.6.20 dbname=osmqc user=osmqc password=osmqc port=5432"
CONNECTIONTYPE POSTGIS
DATA "geometry from osm_new_transport_points using unique osm_id using srid=900913"
CLASSITEM "type"
LABELITEM "name"
CLASS
EXPRESSION 'aerodome'
STYLE
COLOR 200 200 200
END
LABEL
TYPE TRUETYPE
PARTIALS FALSE
MINFEATURESIZE AUTO
FONT 'sc'
SIZE 8
OUTLINECOLOR 255 255 255
OUTLINEWIDTH 2
WRAP ' '
MAXLENGTH 6
ALIGN CENTER
COLOR 0 0 0
PRIORITY 10
POSITION LC
OFFSET 0 -20
STYLE
GEOMTRANSFORM 'labelpnt'
OFFSET 0 -20
SYMBOL '../symbols/airport.png'
SIZE 30
END
END
END
CLASS
EXPRESSION 'station'
STYLE
COLOR 200 200 200
END
TEXT 'T'
END
CLASS
EXPRESSION 'helipad'
STYLE
COLOR 200 200 200
END
TEXT 'H'
END
CLASS
STYLE
COLOR 200 200 200
END
END
END
LAYER
MAXSCALEDENOM 1048575
MINSCALEDENOM 524288
NAME 'waterarea10'
TYPE POLYGON
CONNECTION "host=192.168.6.20 dbname=osmqc user=osmqc password=osmqc port=5432"
CONNECTIONTYPE POSTGIS
GROUP 'default'
STATUS ON
PROJECTION
'init=epsg:900913'
END
PROCESSING 'LABEL_NO_CLIP=ON'
PROCESSING 'CLOSE_CONNECTION=DEFER'
DATA "geometry from (select geometry,osm_id ,name,type from osm_new_waterareas_gen1) as foo using unique osm_id using srid=900913"
LABELITEM 'name'
CLASSITEM 'type'
CLASS
EXPRESSION 'riverbank'
STYLE
COLOR '#A5BFE0'
END
END
CLASS
STYLE
COLOR '#A5BFE0'
END
LABEL
TYPE TRUETYPE
PARTIALS FALSE
MINFEATURESIZE AUTO
FONT 'sc'
ENCODING 'utf-8'
MINDISTANCE 200
SIZE 8
COLOR '#6B94B0'
OUTLINECOLOR 255 255 255
OUTLINEWIDTH 2
WRAP ' '
MAXLENGTH 5
ALIGN CENTER
END
END
END
LAYER
MAXSCALEDENOM 1048575
MINSCALEDENOM 524288
NAME 'waterways10'
TYPE LINE
CONNECTION "host=192.168.6.20 dbname=osmqc user=osmqc password=osmqc port=5432"
CONNECTIONTYPE POSTGIS
GROUP 'default'
STATUS ON
PROJECTION
'init=epsg:900913'
END
PROCESSING 'LABEL_NO_CLIP=ON'
PROCESSING 'CLOSE_CONNECTION=DEFER'
DATA "geometry from (select geometry, osm_id, type, name from osm_new_waterways where type='river') as foo using unique osm_id using srid=900913"
CLASSITEM 'type'
LABELITEM 'name'
CLASS
EXPRESSION 'river'
STYLE
COLOR '#B3C6D4'
WIDTH 0
END
LABEL
TYPE TRUETYPE
PARTIALS FALSE
MINFEATURESIZE AUTO
FONT 'sc'
ENCODING 'utf-8'
MINDISTANCE 200
REPEATDISTANCE 400
SIZE 8
COLOR '#6B94B0'
OUTLINECOLOR 255 255 255
OUTLINEWIDTH 2
ANGLE FOLLOW
BUFFER 3
END
END
CLASS
EXPRESSION 'stream'
STYLE
COLOR '#B3C6D4'
WIDTH 0
END
LABEL
TYPE TRUETYPE
PARTIALS FALSE
MINFEATURESIZE AUTO
FONT 'sc'
ENCODING 'utf-8'
MINDISTANCE 200
REPEATDISTANCE 400
SIZE 8
COLOR '#6B94B0'
OUTLINECOLOR 255 255 255
OUTLINEWIDTH 2
ANGLE FOLLOW
BUFFER 3
END
END
CLASS
EXPRESSION 'canal'
STYLE
COLOR '#B3C6D4'
WIDTH 0
END
LABEL
TYPE TRUETYPE
PARTIALS FALSE
MINFEATURESIZE AUTO
FONT 'sc'
ENCODING 'utf-8'
MINDISTANCE 200
REPEATDISTANCE 400
SIZE 8
COLOR '#6B94B0'
OUTLINECOLOR 255 255 255
OUTLINEWIDTH 2
ANGLE FOLLOW
BUFFER 3
END
END
END
LAYER
MAXSCALEDENOM 1048575
MINSCALEDENOM 524288
NAME 'roads10'
TYPE LINE
CONNECTION "host=192.168.6.20 dbname=osmqc user=osmqc password=osmqc port=5432"
CONNECTIONTYPE POSTGIS
GROUP 'default'
STATUS ON
PROJECTION
'init=epsg:900913'
END
PROCESSING 'LABEL_NO_CLIP=ON'
PROCESSING 'CLOSE_CONNECTION=DEFER'
DATA "geometry from (select oneway, osm_id,geometry,name as name,ref,type,tunnel,bridge from osm_new_roads_gen1 where type in ('motorway', 'motorway_link', 'trunk', 'trunk_link', 'primary', 'secondary', 'tertiary', 'residential', 'road', 'living_street',  'track', 'footway', 'pedestrian') order by z_order asc, st_length(geometry) asc) as foo using unique osm_id using srid=900913"
LABELITEM 'name'
CLASSITEM 'type'
CLASS
EXPRESSION "motorway"
TEXT ("[name]")
STYLE
OUTLINEWIDTH 1
OUTLINECOLOR 186 110 39
WIDTH 2.5
COLOR 255 195 69
END
END
CLASS
EXPRESSION "trunk"
TEXT ("[name]")
STYLE
OUTLINEWIDTH 1
OUTLINECOLOR 193 181 157
WIDTH 2.5
COLOR 255 253 139
END
END
CLASS
EXPRESSION "primary"
TEXT ("[name]")
STYLE
OUTLINEWIDTH 0.3
OUTLINECOLOR 193 181 157
WIDTH 0.75
COLOR 255 253 133
END
END
CLASS
EXPRESSION "primary"
TEXT ("[name]")
STYLE
OUTLINEWIDTH 0.3
OUTLINECOLOR 193 181 157
WIDTH 0.75
COLOR 255 253 133
END
END
CLASS
EXPRESSION "secondary"
TEXT ("[name]")
STYLE
OUTLINEWIDTH 0.3
OUTLINECOLOR 193 181 157
WIDTH 0.5
COLOR 255 253 133
END
END
END
LAYER
MAXSCALEDENOM 1048575
MINSCALEDENOM 524288
NAME 'shields10'
TYPE LINE
CONNECTION "host=192.168.6.20 dbname=osmqc user=osmqc password=osmqc port=5432"
CONNECTIONTYPE POSTGIS
GROUP 'default'
STATUS ON
PROJECTION
'init=epsg:900913'
END
PROCESSING 'LABEL_NO_CLIP=ON'
PROCESSING 'CLOSE_CONNECTION=DEFER'
DATA "geometry from (select osm_id,geometry,name,ref,(regexp_matches(ref, '([a-z,A-Z]+)? ?([0-9]+)[^;]*', 'g'))[1] as shield_class,(regexp_matches(ref, '([a-z,A-Z]+)? ?([0-9]+)[^;]*', 'g'))[2] as shield_no,type,tunnel,bridge from osm_new_roads_gen1 where type in ('motorway', 'motorway_link', 'trunk', 'trunk_link', 'primary') order by z_order asc, st_length(geometry) asc) as foo using unique osm_id using srid=900913"
LABELITEM 'shield_no'
CLASSITEM 'shield_class'
CLASS
EXPRESSION ('[shield_class]' = 'I' AND length('[shield_no]') <= 2)
LABEL
TYPE TRUETYPE
PARTIALS FALSE
MINFEATURESIZE AUTO
PRIORITY 8
FONT 'scb'
REPEATDISTANCE 20
MINDISTANCE 200
BUFFER 20
SIZE 6
COLOR 255 255 255
STYLE
SYMBOL '../symbols/interstate-shield.png'
SIZE 18
END
END
END
CLASS
EXPRESSION ('[shield_class]' = 'I' AND length('[shield_no]') = 3)
LABEL
TYPE TRUETYPE
PARTIALS FALSE
MINFEATURESIZE AUTO
PRIORITY 8
FONT 'scb'
REPEATDISTANCE 20
MINDISTANCE 200
BUFFER 20
SIZE 6
COLOR 255 255 255
STYLE
SYMBOL '../symbols/interstate-shield-42px.png'
SIZE 18
END
END
END
CLASS
EXPRESSION ('[shield_class]' = 'US' AND length('[shield_no]') <= 2)
LABEL
TYPE TRUETYPE
PARTIALS FALSE
MINFEATURESIZE AUTO
PRIORITY 8
FONT 'scb'
REPEATDISTANCE 20
MINDISTANCE 200
BUFFER 20
SIZE 6
COLOR 0 0 0
STYLE
SYMBOL '../symbols/ushwy-shield-30px.png'
SIZE 22
END
END
END
CLASS
EXPRESSION ('[shield_class]' = 'US' AND length('[shield_no]') = 3)
LABEL
TYPE TRUETYPE
PARTIALS FALSE
MINFEATURESIZE AUTO
PRIORITY 8
FONT 'scb'
REPEATDISTANCE 20
MINDISTANCE 200
BUFFER 20
SIZE 6
COLOR 0 0 0
STYLE
SYMBOL '../symbols/ushwy-shield-36px.png'
SIZE 22
END
END
END
END
LAYER
MAXSCALEDENOM 1048575
MINSCALEDENOM 524288
NAME 'admin_fr10'
TYPE LINE
CONNECTION "host=192.168.6.20 dbname=osmqc user=osmqc password=osmqc port=5432"
CONNECTIONTYPE POSTGIS
GROUP 'default'
STATUS ON
PROJECTION
'init=epsg:900913'
END
PROCESSING 'LABEL_NO_CLIP=ON'
PROCESSING 'CLOSE_CONNECTION=DEFER'
DATA 'geometry from (select geometry,osm_id, name as name,admin_level from osm_new_admin where admin_level = 4) as foo using unique osm_id using srid=900913'
CLASS
STYLE
COLOR '#DCDCB4'
WIDTH 0.9
PATTERN
5.0 5.0
END
END
END
END
LAYER
MAXSCALEDENOM 1048575
MINSCALEDENOM 524288
NAME 'border10'
TYPE LINE
GROUP 'default'
STATUS ON
PROJECTION
'init=epsg:900913'
END
PROCESSING 'LABEL_NO_CLIP=ON'
PROCESSING 'CLOSE_CONNECTION=DEFER'
DATA 'boundaries.shp'
CLASS
STYLE
COLOR '#8D8B8D'
WIDTH 1
END
END
END
LAYER
MAXSCALEDENOM 1048575
MINSCALEDENOM 524288
NAME 'places10'
TYPE ANNOTATION
CONNECTION "host=192.168.6.20 dbname=osmqc user=osmqc password=osmqc port=5432"
CONNECTIONTYPE POSTGIS
GROUP 'default'
STATUS ON
PROJECTION
'init=epsg:900913'
END
PROCESSING 'LABEL_NO_CLIP=ON'
PROCESSING 'CLOSE_CONNECTION=DEFER'
DATA "geometry from (select * from osm_new_places where name is not NULL order by z_order, population asc nulls first) as foo using unique osm_id using srid=900913"
LABELITEM 'name'
CLASSITEM 'type'
CLASS
EXPRESSION 'city'
LABEL
TYPE TRUETYPE
PARTIALS FALSE
MINFEATURESIZE AUTO
ENCODING 'utf-8'
WRAP ' '
MAXLENGTH 8
ALIGN CENTER
BUFFER 10
POSITION AUTO
FONT 'scb'
SIZE 8
COLOR 46 46 46
OUTLINECOLOR 255 255 255
OUTLINEWIDTH 1
OUTLINEWIDTH 2
PRIORITY 9
END
END
CLASS
EXPRESSION 'town'
STYLE
SIZE 3
SYMBOL 'citycircle'
COLOR 200 200 200
OUTLINECOLOR 0 0 0
END
LABEL
TYPE TRUETYPE
PARTIALS FALSE
MINFEATURESIZE AUTO
ENCODING 'utf-8'
WRAP ' '
MAXLENGTH 8
ALIGN CENTER
BUFFER 10
POSITION AUTO
FONT 'sc'
SIZE 8
COLOR 0 0 0
OUTLINECOLOR 255 255 255
OUTLINEWIDTH 1
END
END
END
