#if _display_landusage
LAYER
 	TYPE POLYGON
    STATUS ON
    PROJECTION
        "init=epsg:OSM_SRID"
    END
    NAME layername(landuse,_layer_suffix)
    GROUP "default"
    CONNECTIONTYPE POSTGIS
    CONNECTION _db_connection
    DATA _landusage_data
    PROCESSING "LABEL_NO_CLIP=ON"
    PROCESSING "CLOSE_CONNECTION=DEFER"
    MAXSCALEDENOM _maxscale
    MINSCALEDENOM _minscale
    CLASSITEM "type"
    LABELITEM "name"
    CLASS
    	EXPRESSION /forest|wood/
       	STYLE
          	COLOR _forest_clr
      	END
		#if _label_forest
      	LABEL
         	TYPE TRUETYPE
         	FONT _forest_font
         	SIZE _forest_lbl_size
         	COLOR _forest_lbl_clr
         	OUTLINECOLOR _forest_lbl_ol_clr
           	OUTLINEWIDTH _forest_lbl_ol_width
            WRAP ' '
            MAXLENGTH 6
            ALIGN CENTER
            MINFEATURESIZE AUTO
            PARTIALS FALSE
            PRIORITY _forest_lbl_priority
      	END
		#endif
    END
    CLASS
       	EXPRESSION 'residential'
       	STYLE
          	COLOR _residential_clr
       	END
		#if _label_residential
      	LABEL
            TYPE TRUETYPE
            FONT _residential_font
            SIZE _residential_lbl_size
            COLOR _residential_lbl_clr
            OUTLINECOLOR _residential_lbl_ol_clr
            OUTLINEWIDTH _residential_lbl_ol_width
            WRAP ' '
            MAXLENGTH 6
            ALIGN CENTER
            MINFEATURESIZE AUTO
            PARTIALS FALSE
            PRIORITY _residential_lbl_priority
      	END
    #endif
   	END
   	CLASS
      	EXPRESSION 'pedestrian'
      	STYLE
        	#if _display_pedestrian_outline
            OUTLINEWIDTH _pedestrian_ol_width
            OUTLINECOLOR _pedestrian_ol_clr
            #endif
         	COLOR _pedestrian_clr
      	END
		#if _label_pedestrian
      	LABEL
            TYPE TRUETYPE
            FONT _pedestrian_font
            SIZE _pedestrian_lbl_size
            COLOR _pedestrian_lbl_clr
            OUTLINECOLOR _pedestrian_lbl_ol_clr
            OUTLINEWIDTH 2
            WRAP ' '
            MAXLENGTH 6
            ALIGN CENTER
            MINFEATURESIZE AUTO
            PARTIALS FALSE
     	END
	#endif
	END
   	CLASS
     	EXPRESSION /industrial/
     	STYLE
         	COLOR _industrial_clr
     	END
		#if _label_industrial
     	LABEL
            ENCODING "utf-8"
            TYPE TRUETYPE
            FONT _industrial_font
            SIZE _industrial_lbl_size
            COLOR _industrial_lbl_clr
            OUTLINECOLOR _industrial_lbl_ol_clr
            OUTLINEWIDTH _industrial_lbl_ol_width
            PRIORITY _industrial_lbl_priority
            WRAP ' '
            MAXLENGTH 6
            ALIGN CENTER
            MINFEATURESIZE AUTO
            PARTIALS FALSE
     	END
	#endif
    END
   	CLASS
     	EXPRESSION /commercial/
     	STYLE
         	COLOR _commercial_clr
     	END
		#if _label_commercial
     	LABEL
            ENCODING "utf-8"
            TYPE TRUETYPE
            FONT _commercial_font
            SIZE _commercial_lbl_size
            COLOR _commercial_lbl_clr
            OUTLINECOLOR _commercial_lbl_ol_clr
            OUTLINEWIDTH _commercial_lbl_ol_width
            PRIORITY _commercial_lbl_priority
            WRAP ' '
            MAXLENGTH 6
            ALIGN CENTER
            MINFEATURESIZE AUTO
            PARTIALS FALSE
     	END
	#endif
    END

 	CLASS
        EXPRESSION 'cemetery'
        STYLE
          	COLOR _cemetery_clr
        END
		#if _label_cemetery
        LABEL
            TYPE TRUETYPE
            PARTIALS FALSE
            FONT _cemetery_font
            ENCODING "utf-8"
            SIZE _cemetery_lbl_size
            COLOR _cemetery_lbl_clr
            OUTLINECOLOR _cemetery_lbl_ol_clr
            OUTLINEWIDTH _cemetery_lbl_ol_width
            PRIORITY _cemetery_lbl_priority
            WRAP ' '
            MAXLENGTH 6
            ALIGN CENTER
            MINFEATURESIZE AUTO
        END
		#endif
    END
 
    CLASS
        EXPRESSION ('[type]' = "park" AND length ('[name]') = 0)
        STYLE
            COLOR _park_clr
        END
    END

    CLASS
        EXPRESSION ('[type]' = "park" AND length ('[name]') > 0)
        STYLE
            COLOR _park_clr
        END
		#if _label_park
        LABEL
            TYPE TRUETYPE
            PARTIALS FALSE
            FONT _park_font
            SIZE _park_lbl_size
            ENCODING "utf-8"
            COLOR _park_lbl_clr
            OUTLINECOLOR _park_lbl_ol_clr
            OUTLINEWIDTH _park_lbl_ol_width
            PRIORITY _park_lbl_priority
            REPEATDISTANCE 1
            POSITION _park_lbl_position
            WRAP ' '
            MAXLENGTH 6
            ALIGN CENTER
            MINFEATURESIZE AUTO
            BUFFER 5
	    	OFFSET _park_lbl_offset
            STYLE
                GEOMTRANSFORM 'labelpnt'
                OFFSET _park_lbl_offset
                SYMBOL _park_symbol
                SIZE _park_symbol_size
            END
        END
		#endif
    END

    CLASS
        EXPRESSION ('[type]'= "golf_course" AND length ('[name]') = 0)
        STYLE
            COLOR _golf_clr
        END 
    END

    CLASS
    EXPRESSION ('[type]'= "golf_course" AND length ('[name]') > 0)
        STYLE
            COLOR _golf_clr
        END
		#if _label_golf
        LABEL
            TYPE TRUETYPE
            PARTIALS FALSE
            FONT _golf_font
            SIZE _golf_lbl_size
            ENCODING "utf-8"
            COLOR _golf_lbl_clr
            OUTLINECOLOR _golf_lbl_ol_clr
            OUTLINEWIDTH _golf_lbl_ol_width
            PRIORITY _golf_lbl_priority
            REPEATDISTANCE 1
            POSITION _golf_lbl_position
            WRAP ' '
            MAXLENGTH 6
            ALIGN CENTER
            MINFEATURESIZE AUTO
            BUFFER 5
	    	OFFSET _golf_lbl_offset
            STYLE
                GEOMTRANSFORM 'labelpnt'
                OFFSET _golf_lbl_offset
                SYMBOL _golf_symbol 
                SIZE _golf_symbol_size
            END
        END
		#endif
    END

    CLASS
        EXPRESSION ('[type]' = "nature_reserve" AND length ('[name]') = 0)
        STYLE
            COLOR _park_clr
        END
    END

    CLASS
        EXPRESSION ('[type]' = "nature_reserve" AND length ('[name]') > 0)
        STYLE
            COLOR _nature_reserve_clr
        END
		#if _label_nature_reserve
        LABEL
            TYPE TRUETYPE
            PARTIALS FALSE
            FONT _nature_reserve_font
            SIZE _nature_reserve_lbl_size
       	    ENCODING "utf-8"
            COLOR _nature_reserve_lbl_clr
            OUTLINECOLOR _nature_reserve_lbl_ol_clr
            OUTLINEWIDTH _nature_reserve_lbl_ol_width
            PRIORITY 2
            POSITION _nature_reserve_lbl_position
            WRAP ' '
            MAXLENGTH 6
            ALIGN CENTER
            MINFEATURESIZE AUTO
	    	STYLE
                GEOMTRANSFORM 'labelpnt'
                OFFSET _nature_reserve_lbl_offset
                SYMBOL _nature_reserve_symbol
                SIZE _nature_reserve_symbol_size
            END 
        END                                            
		#endif                                                                                                 
    END

    CLASS
        EXPRESSION 'hospital'
        STYLE
            COLOR _hospital_clr
        END
		#if _label_hospital
        LABEL
            TYPE TRUETYPE
            PARTIALS FALSE
            FONT _hospital_font
            SIZE _hospital_lbl_size
            COLOR _hospital_lbl_clr
            OUTLINECOLOR _hospital_lbl_ol_clr
            ENCODING "utf-8"
            OUTLINEWIDTH _hospital_lbl_ol_width
            PRIORITY _hospital_lbl_priority
            WRAP ' '
            MAXLENGTH 6
            ALIGN CENTER
            MINFEATURESIZE AUTO
        END
		#endif
    END
    CLASS
        EXPRESSION /school|college|university/
        STYLE
            COLOR _education_clr
        END
		#if _label_education
        LABEL
            TYPE TRUETYPE
            PARTIALS FALSE
            FONT _education_font
            SIZE _education_lbl_size
            ENCODING "utf-8"
            COLOR _education_lbl_clr
            OUTLINECOLOR _education_lbl_ol_clr
            OUTLINEWIDTH _education_lbl_ol_width
            PRIORITY _education_lbl_priority
            WRAP ' '
            MAXLENGTH 6
            ALIGN CENTER
            MINFEATURESIZE AUTO
        END
		#endif
    END
    CLASS
      	EXPRESSION /sports_center|stadium|pitch/
      	STYLE
          	COLOR _sports_clr
      	END
		#if _label_sports
      	LABEL
            TYPE TRUETYPE
            PARTIALS FALSE
            FONT _sports_font
            SIZE _sports_lbl_size
            COLOR _sports_lbl_clr
            OUTLINECOLOR _sports_lbl_ol_clr
            ENCODING "utf-8"
            OUTLINEWIDTH _sports_lbl_ol_width
            PRIORITY _sports_lbl_priority
            WRAP ' '
            MAXLENGTH 6
            ALIGN CENTER
            MINFEATURESIZE AUTO
      	END
		#endif
 	END
    
    #if _display_parking
   	CLASS
     	EXPRESSION 'parking'
     	STYLE
       		COLOR _parking_clr
     	END
   		#if _label_parking
        TEXT _parking_lbl_text
        LABEL
            FONT _parking_font
            TYPE TRUETYPE
            SIZE _parking_lbl_size
            COLOR _parking_lbl_clr
            PARTIALS FALSE
            POSITION _parking_lbl_position
            PRIORITY _transport_lbl_priority
        END
		#endif
   	END
   #endif
END


LAYER
    TYPE POLYGON
    STATUS ON
    PROJECTION
    	"init=epsg:OSM_SRID"
    END
    NAME layername(transport_areas,_layer_suffix)
    GROUP "default"
    CONNECTIONTYPE POSTGIS
    CONNECTION _db_connection
    DATA "geometry from OSM_PREFIX_transport_areas using unique osm_id using srid=OSM_SRID"
    PROCESSING "CLOSE_CONNECTION=DEFER"
    MAXSCALEDENOM _maxscale
    MINSCALEDENOM _minscale
    CLASSITEM "type"
    LABELITEM "name"
    CLASS
      	EXPRESSION /aerodrome/
      	STYLE
         	COLOR _transport_clr
      	END
		#if _label_aerodome
        LABEL
            TYPE TRUETYPE
            PARTIALS FALSE
            FONT _transport_font
            SIZE _aerodome_lbl_size
            COLOR _aerodome_lbl_clr
            OUTLINECOLOR _aerodome_lbl_ol_clr
            OUTLINEWIDTH _aerodome_lbl_ol_width
            PRIORITY _transport_lbl_priority
            WRAP ' '
            MAXLENGTH 6
            ALIGN CENTER
            POSITION _transport_lbl_position
            MINFEATURESIZE AUTO
            OFFSET _transport_lbl_offset
            STYLE
                GEOMTRANSFORM 'labelpnt'
                OFFSET _transport_lbl_offset
                SYMBOL _aerodome_symbol
                SIZE _aerodome_symbol_size
        	END
      	END
		#endif
   	END
    CLASS
        EXPRESSION /station/
        STYLE
            COLOR _transport_clr
        END
        #if _label_public_transport
        TEXT _station_lbl_text
        LABEL
            FONT _transport_font
            TYPE TRUETYPE
            SIZE _public_transport_lbl_size
            COLOR _station_lbl_clr
            PARTIALS FALSE
            POSITION _transport_lbl_position
            PRIORITY _transport_lbl_priority
            STYLE
                GEOMTRANSFORM 'labelpnt'
                SYMBOL _public_transport_symbol 
                SIZE _public_transport_symbol_size 
                COLOR _station_symbol_clr
                OUTLINECOLOR _station_symbol_ol_clr
            END
        END
        #endif
    END
	CLASS
     	EXPRESSION /helipad/
      	STYLE
         	COLOR _transport_clr
      	END
		#if _label_helipad
        TEXT _helipad_lbl_text
        LABEL
            FONT _transport_font
            TYPE TRUETYPE
            SIZE _public_transport_lbl_size
            COLOR _helipad_lbl_clr
            PARTIALS FALSE
            POSITION _helipad_lbl_position
            STYLE
                GEOMTRANSFORM 'labelpnt'
                SYMBOL _public_transport_symbol
                SIZE _public_transport_symbol_size
                COLOR _helipad_symbol_clr
            END
        END
    #endif
    END

   	CLASS
      	STYLE
         	COLOR _transport_clr
      	END
   	END

END
#endif

#if _label_public_transport
LAYER
	STATUS ON
   	GROUP "default"
   	TYPE ANNOTATION
   	CONNECTIONTYPE postgis
   	CONNECTION _db_connection
   	NAME layername(public_transport,_layer_suffix)
   	MINSCALEDENOM _minscale
   	MAXSCALEDENOM _maxscale
   	DATA _public_transport_data
   	CLASSITEM 'type'
   	CLASS
     	EXPRESSION "bus_stop"
     	TEXT ' '
     	LABEL
        	FONT scb
            TYPE TRUETYPE
            SIZE 1
            COLOR 0 0 0
            OUTLINECOLOR 0 0 0
            PARTIALS FALSE
            BUFFER 12
            POSITION AUTO
       	    STYLE
	        	COLOR _bus_symbol_clr
				OUTLINECOLOR _bus_symbol_ol_clr
				WIDTH 0.5
				SIZE _public_transport_symbol_size
          		SYMBOL _public_transport_symbol
        	END
	    	STYLE
	    		COLOR _bus_lbl_clr
            	SIZE _public_transport_lbl_size
            	SYMBOL "bussymbol"
        	END
      	END
    END
    CLASS
       	EXPRESSION "subway_entrance"
       	TEXT ' '
       	LABEL
  			FONT scb
            TYPE TRUETYPE
            SIZE 1
            COLOR 0 0 0
            OUTLINECOLOR 0 0 0
            PARTIALS FALSE
            BUFFER 12
            POSITION AUTO
	    	STYLE
   	        	COLOR _subway_symbol_clr
                OUTLINECOLOR _subway_symbol_ol_clr
				WIDTH 0.5
            	SIZE _public_transport_symbol_size
            	SYMBOL _public_transport_symbol
   	    	END
       		STYLE
  	        	COLOR _subway_lbl_clr
            	SIZE _public_transport_lbl_size
            	SYMBOL "metrosymbol"
     	  	END
       	END	
    END
    CLASS
		EXPRESSION "tram_stop"
       	TEXT ' '
       	LABEL
        	FONT scb
            TYPE TRUETYPE
            SIZE 1
            COLOR 0 0 0
            OUTLINECOLOR 0 0 0
            PARTIALS FALSE
            BUFFER 12
            POSITION AUTO
	    	STYLE
                COLOR _tram_symbol_clr
                OUTLINECOLOR _tram_symbol_ol_clr
				WIDTH 0.5
                SIZE _public_transport_symbol_size
                SYMBOL _public_transport_symbol
            END
            STYLE
                COLOR _tram_lbl_clr
                SIZE _public_transport_lbl_size
                SYMBOL "tramwaysymbol"
      	    END	    
       	END
   	END
    CLASS
    	EXPRESSION "station"
       	TEXT ' '
		LABEL
            FONT sc
            TYPE TRUETYPE
            SIZE 1
            COLOR 0 0 0
            OUTLINECOLOR 0 0 0
            PARTIALS FALSE
            BUFFER 12
            POSITION AUTO
		    STYLE
                COLOR _station_symbol_clr
				OUTLINECOLOR _station_symbol_ol_clr
				WIDTH 0.5
                SIZE _public_transport_symbol_size
                SYMBOL _public_transport_symbol
            END
            STYLE
                COLOR _station_lbl_clr
                SIZE _public_transport_lbl_size
                SYMBOL "stationsymbol"
            END
	    END
	END
END
#endif