#if _display_railways
LAYER
    GROUP "default"
    STATUS ON
    CONNECTIONTYPE POSTGIS
    CONNECTION _db_connection
    MINSCALEDENOM _minscale
    MAXSCALEDENOM _maxscale
    TYPE LINE
    NAME layername(railways,_layer_suffix)
    DATA _railways_data
    CLASS
        EXPRESSION ([tunnel]=0)
        STYLE
            WIDTH _railway_width
            COLOR _railway_clr
            PATTERN _railway_pattern END
         	LINECAP BUTT
        END
    END
  	CLASS
        STYLE
       		WIDTH _railway_width
            COLOR _railway_clr
            PATTERN _railway_pattern END
            OPACITY _railway_tunnel_opacity
            LINECAP BUTT
        END
    END
END
#endif

#if _display_roads
LAYER
	GROUP "default"
    STATUS ON
   	TYPE LINE
   	MINSCALEDENOM _minscale
   	MAXSCALEDENOM _maxscale
    NAME layername(roads,_layer_suffix)
    CONNECTIONTYPE postgis
    CONNECTION _db_connection
    DATA _roads_data
    LABELITEM "name"
    CLASSITEM "type"
	#if _display_bridges
    #if _display_motorway_links
    CLASS
       	EXPRESSION ("[bridge]"="1" and "[type]" = "motorway_link")
        STYLE
           	WIDTH _motorway_links_width
           	OUTLINECOLOR _motorway_bridge_clr
           	OUTLINEWIDTH _primary_bridge_width
           	LINECAP BUTT
           	COLOR _motorway_links_clr
        END
    END
    #endif
	#if _display_motorways
    CLASS
		EXPRESSION ("[bridge]"="1" and "[type]" = "motorway")
       	STYLE
			WIDTH _motorway_width
       	    OUTLINECOLOR _motorway_bridge_clr
           	OUTLINEWIDTH _motorway_bridge_width
           	LINECAP BUTT
       		COLOR _motorway_clr
       	END 
    END
	#endif
	#if _display_trunk_links
    CLASS
       	EXPRESSION ("[bridge]"="1" and "[type]" = "trunk_link")
       	STYLE
            WIDTH _trunk_links_width
    		OUTLINECOLOR _trunk_bridge_clr
            OUTLINEWIDTH _trunk_bridge_width
            LINECAP BUTT
            COLOR _trunk_links_clr
      	END
 	END
	#endif
    #if _display_trunks
    CLASS
        EXPRESSION ("[bridge]"="1" and "[type]" = "trunk")
        STYLE
        	WIDTH _trunk_width
           	OUTLINECOLOR _trunk_bridge_clr
            OUTLINEWIDTH _trunk_bridge_width
            LINECAP BUTT
            COLOR _trunk_clr
        END
    END
    #endif
	#if _display_primaries
    CLASS
       	EXPRESSION ("[bridge]"="1" and ("[type]" = "primary" or "[type]" = "primary_link"))
	    STYLE
           	WIDTH _primary_width
      	   	OUTLINECOLOR _primary_bridge_clr
           	OUTLINEWIDTH _primary_bridge_width
           	LINECAP BUTT
           	COLOR _primary_clr 
       	END
    END
	#endif
	#if _display_secondaries
    CLASS
        EXPRESSION ("[bridge]"="1" and ("[type]" = "secondary" or "[type]" = "secondary_link"))
        STYLE
            WIDTH _secondary_width
            OUTLINECOLOR _secondary_bridge_clr
            OUTLINEWIDTH _secondary_bridge_width
            LINECAP BUTT
            COLOR _secondary_clr
        END
    END
    #endif
    #if _display_tertiaries
    CLASS
        EXPRESSION ("[bridge]"="1" and ("[type]"= "tertiary" or "[type]"="tertiary_link"))
        STYLE
   			WIDTH _tertiary_width
            OUTLINECOLOR _tertiary_bridge_clr
            OUTLINEWIDTH _tertiary_bridge_width
            LINECAP BUTT
            COLOR _tertiary_clr
        END
    END
    #endif
    #if _display_other_roads
    CLASS
        EXPRESSION ("[bridge]"="1" and ("[type]"="classified" or "[type]"="residential" or "[type]"="service" or "[type]"="road" or "[type]"="living_street"))
        STYLE
            WIDTH _other_width
            OUTLINECOLOR _other_bridge_clr
            OUTLINEWIDTH _other_bridge_width
            LINECAP BUTT
            COLOR _other_clr
        END
    END
    #endif
    #if _display_pedestrian
    CLASS
        EXPRESSION ("[bridge]"="1" and "[type]" = 'pedestrian')
        STYLE
            WIDTH _pedestrian_width 
            OUTLINECOLOR _pedestrian_bridge_clr
            OUTLINEWIDTH _pedestrian_bridge_width
            LINECAP BUTT
            COLOR _pedestrian_clr
        END
    END
    #endif
    #endif
	##(endif bridges)

    #if _display_tunnels
    #if _display_motorway_links
    CLASS
        EXPRESSION ("[type]"="motorway_link" and "[tunnel]"="1")
        STYLE
          	WIDTH _motorway_links_width
            COLOR _motorway_links_clr
            OPACITY _tunnel_opacity
            ANTIALIAS TRUE
        END
    END
    #endif
     
    #if _display_motorways
    CLASS
        EXPRESSION ("[type]"="motorway" and "[tunnel]"="1")
        STYLE
            WIDTH _motorway_width
            COLOR _motorway_clr
            OPACITY _tunnel_opacity
        END
    END
    #endif
    #if _display_trunk_links
    CLASS
        EXPRESSION ("[type]"="trunk_link" and "[tunnel]"="1")
        STYLE
            WIDTH _trunk_links_width
            COLOR _trunk_links_clr
            OPACITY _tunnel_opacity
        END
    END
    #endif
    #if _display_trunks
    CLASS
        EXPRESSION ("[type]"="trunk" and "[tunnel]"="1")
        STYLE
            WIDTH _trunk_width
            COLOR _trunk_clr
            OPACITY _tunnel_opacity
        END
    END
    #endif
    #if _display_primaries
    CLASS
        EXPRESSION (("[type]"="primary" or "[type]"="primary_link") and "[tunnel]"="1")
        STYLE
            WIDTH _primary_width
            COLOR _primary_clr
            OPACITY _tunnel_opacity
        END
    END
    #endif
    #if _display_secondaries
    CLASS
        EXPRESSION (("[type]"="secondary" or "[type]"="secondary_link") and "[tunnel]"="1")
        STYLE
            WIDTH _secondary_width
            COLOR _secondary_clr
            OPACITY _tunnel_opacity
        END
    END
    #endif
    #if _display_tertiaries
    CLASS
        EXPRESSION (("[type]"="tertiary" or "[type]"="tertiary_link") and "[tunnel]"="1")
        STYLE
            WIDTH _tertiary_width
            COLOR _tertiary_clr
            OPACITY _tunnel_opacity
        END
    END
    #endif
    #if _display_other_roads
    CLASS
        EXPRESSION (('[type]'='unclassified' or '[type]'='residential' or '[type]'='service'  or "[type]"="living_street") and "[tunnel]"="1")
        STYLE
            WIDTH _other_width
            COLOR _other_clr
            OPACITY _tunnel_opacity
        END
    END
    #endif
    #endif
    ##(display_roads_tunnels)
    
    #if _display_motorway_links
    CLASS
    	EXPRESSION "motorway_link"
        STYLE
        	#if _display_motorway_outline
            OUTLINEWIDTH _motorway_ol_width
            OUTLINECOLOR _motorway_ol_clr
            #endif
            WIDTH _motorway_links_width
            COLOR _motorway_links_clr
            ANTIALIAS TRUE
        END
    END
    
    #endif
    #if _display_motorways
	#if _display_motorway_oneways
    CLASS
    	EXPRESSION ('[oneway]' != '0' and '[type]' = 'motorway')
    	TEXT ("[name]")
        STYLE
        	#if _display_motorway_outline
            OUTLINEWIDTH _motorway_ol_width
            OUTLINECOLOR _motorway_ol_clr
            #endif
          	WIDTH _motorway_width
            COLOR _motorway_clr
   			ANTIALIAS TRUE
        END
		STYLE
        	GAP -80
    	    SYMBOL "one_way_from"
			COLOR _oneway_clr
     		SIZE _oneway_size
        END
		#if _label_motorways
        LABEL
            TYPE TRUETYPE
            PARTIALS FALSE
            PRIORITY _motorways_label_priority
            FONT _motorway_font
            SIZE _motorway_lbl_size
            MINDISTANCE 300
            REPEATDISTANCE 10
            MINFEATURESIZE AUTO
            COLOR _motorway_lbl_clr
	    	OUTLINECOLOR _motorway_lbl_ol_clr
            OUTLINEWIDTH 2
            ANGLE FOLLOW
            BUFFER 3
        END
		#endif
    END
	#endif    

    CLASS
        EXPRESSION "motorway"
        TEXT ("[name]")
		STYLE
        	#if _display_motorway_outline
            OUTLINEWIDTH _motorway_ol_width
            OUTLINECOLOR _motorway_ol_clr
            #endif
          	WIDTH _motorway_width
            COLOR _motorway_clr
   			ANTIALIAS TRUE
        END
		#if _label_motorways
        LABEL
            TYPE TRUETYPE
            PARTIALS FALSE
            PRIORITY _motorways_label_priority
            FONT _motorway_font
            SIZE _motorway_lbl_size
            MINDISTANCE 300
            REPEATDISTANCE 10
            MINFEATURESIZE AUTO
            COLOR _motorway_lbl_clr
	    	OUTLINECOLOR _motorway_lbl_ol_clr
            OUTLINEWIDTH 2
            ANGLE FOLLOW
            BUFFER 3
        END
		#endif
	END
	#endif
                                                                               
	#if _display_trunk_links
    CLASS
        EXPRESSION "trunk_link"
        STYLE 
        	#if _display_trunk_outline
           	OUTLINEWIDTH _trunk_ol_width
           	OUTLINECOLOR _trunk_ol_clr
            #endif
			WIDTH _trunk_links_width  
	    	COLOR _trunk_links_clr  
        END
    END
	#endif
    
    #if _display_trunks
    #if _display_trunk_oneways
    CLASS
		EXPRESSION ('[oneway]' != '0' and '[type]' = 'trunk')
        STYLE
        	WIDTH _trunk_width
            #if _display_trunk_outline
            OUTLINEWIDTH _trunk_ol_width
            OUTLINECOLOR _trunk_ol_clr
            #endif
            ANTIALIAS TRUE
            COLOR _trunk_clr
        END
        STYLE
        	GAP -80
            SYMBOL "one_way_from"
			COLOR _oneway_clr
     		SIZE _oneway_size
 		END
		#if _label_trunks
        LABEL
            TYPE TRUETYPE
            PARTIALS FALSE
	    	PRIORITY _roads_label_priority
            FONT _trunk_font
            SIZE _trunk_lbl_size
            MINDISTANCE 300
            REPEATDISTANCE 10
            MINFEATURESIZE AUTO
            COLOR _trunk_lbl_clr
            ANGLE FOLLOW
            BUFFER 3
        END
		#endif
 	END
  	#endif
        
  	CLASS
    	EXPRESSION /trunk/
        STYLE
        	WIDTH _trunk_width
            #if _display_trunk_outline
            OUTLINEWIDTH _trunk_ol_width
            OUTLINECOLOR _trunk_ol_clr
            #endif
            ANTIALIAS TRUE
            COLOR _trunk_clr
        END
		#if _label_trunks
        LABEL
            TYPE TRUETYPE
            PARTIALS FALSE
	    	PRIORITY _roads_label_priority
            FONT _trunk_font
            SIZE _trunk_lbl_size
            MINDISTANCE 300
            REPEATDISTANCE 10
            MINFEATURESIZE AUTO
            COLOR _trunk_lbl_clr
            ANGLE FOLLOW
            BUFFER 3
        END
		#endif
 	END
	#endif  
    
    #if _display_primaries
    #if _display_primary_oneways
    CLASS
		EXPRESSION ('[oneway]' != '0' and '[type]' = 'primary')
        STYLE
        	WIDTH _primary_width
            #if _display_primary_outline
            OUTLINEWIDTH _primary_ol_width
            OUTLINECOLOR _primary_ol_clr
            #endif
            ANTIALIAS TRUE
            COLOR _primary_clr
        END
        STYLE
        	GAP -80
            SYMBOL "one_way_from"
			COLOR _oneway_clr
     		SIZE _oneway_size
 		END
		#if _label_primaries
	    LABEL
	        TYPE TRUETYPE
	        PARTIALS FALSE
			PRIORITY _roads_label_priority
	        FONT _primary_font
	        SIZE _primary_lbl_size
	        MINDISTANCE 300
	        REPEATDISTANCE 10
	        MINFEATURESIZE AUTO
	        COLOR _primary_lbl_clr
	        OUTLINECOLOR _primary_lbl_ol_clr
	        OUTLINEWIDTH 2
	        ANGLE FOLLOW
	        BUFFER 3
	    END
		#endif
 	END
  	#endif
        
  	CLASS
    	EXPRESSION /primary/
        STYLE
        	WIDTH _primary_width
            #if _display_primary_outline
            OUTLINEWIDTH _primary_ol_width
            OUTLINECOLOR _primary_ol_clr
            #endif
            ANTIALIAS TRUE
            COLOR _primary_clr
        END
		#if _label_primaries
	    LABEL
	        TYPE TRUETYPE
	        PARTIALS FALSE
			PRIORITY _roads_label_priority
	        FONT _primary_font
	        SIZE _primary_lbl_size
	        MINDISTANCE 300
	        REPEATDISTANCE 10
	        MINFEATURESIZE AUTO
	        COLOR _primary_lbl_clr
	        OUTLINECOLOR _primary_lbl_ol_clr
	        OUTLINEWIDTH 2
	        ANGLE FOLLOW
	        BUFFER 3
	    END
		#endif
 	END
	#endif
    
    #if _display_secondaries
    #if _display_secondary_oneways
    CLASS
		EXPRESSION ('[oneway]' != '0' and '[type]' = 'secondary')
        STYLE
        	WIDTH _secondary_width
            #if _display_secondary_outline
            OUTLINEWIDTH _secondary_ol_width
            OUTLINECOLOR _secondary_ol_clr
            #endif
            ANTIALIAS TRUE
            COLOR _secondary_clr
        END
        STYLE
        	GAP -80
            SYMBOL "one_way_from"
			COLOR _oneway_clr
     		SIZE _oneway_size
 		END
		#if _label_secondaries
       	LABEL
			TYPE TRUETYPE
    		PARTIALS FALSE
    		PRIORITY _roads_label_priority
    		FONT _secondary_font
    		SIZE _secondary_lbl_size
    		MINDISTANCE 500
    		REPEATDISTANCE 10
    		ANGLE FOLLOW
    		COLOR _secondary_lbl_clr
    		OUTLINECOLOR _secondary_lbl_ol_clr
    		OUTLINEWIDTH 2
    		MINFEATURESIZE AUTO
    		BUFFER 3
     	END
        #endif
 	END
  	#endif
        
  	CLASS
    	EXPRESSION /secondary/
        STYLE
        	WIDTH _secondary_width
            #if _display_secondary_outline
            OUTLINEWIDTH _secondary_ol_width
            OUTLINECOLOR _secondary_ol_clr
            #endif
            ANTIALIAS TRUE
            COLOR _secondary_clr
        END
		#if _label_secondaries
       	LABEL
			TYPE TRUETYPE
    		PARTIALS FALSE
    		PRIORITY _roads_label_priority
    		FONT _secondary_font
    		SIZE _secondary_lbl_size
    		MINDISTANCE 500
    		REPEATDISTANCE 10
    		ANGLE FOLLOW
    		COLOR _secondary_lbl_clr
    		OUTLINECOLOR _secondary_lbl_ol_clr
    		OUTLINEWIDTH 2
    		MINFEATURESIZE AUTO
    		BUFFER 3
     	END
        #endif
 	END
	#endif
    
	#if _display_tertiaries
    #if _display_tertiary_oneways
    CLASS
		EXPRESSION ('[oneway]' != '0' and '[type]' = 'tertiary')
        STYLE
        	WIDTH _tertiary_width
            #if _display_tertiary_outline
            OUTLINEWIDTH _tertiary_ol_width
            OUTLINECOLOR _tertiary_ol_clr
            #endif
            ANTIALIAS TRUE
            COLOR _tertiary_clr
        END
        STYLE
        	GAP -80
            SYMBOL "one_way_from"
			COLOR _oneway_clr
     		SIZE _oneway_size
 		END
		#if _label_tertiaries
       	LABEL
			TYPE TRUETYPE
    		PARTIALS FALSE
    		PRIORITY _roads_label_priority
    		FONT _tertiary_font
    		SIZE _tertiary_lbl_size
    		MINDISTANCE 500
    		REPEATDISTANCE 10
    		ANGLE FOLLOW
    		COLOR _tertiary_lbl_clr
    		OUTLINECOLOR _tertiary_lbl_ol_clr
    		OUTLINEWIDTH 2
    		MINFEATURESIZE AUTO
    		BUFFER 3
     	END
        #endif
 	END
  	#endif
        
        
  	CLASS
    	EXPRESSION /tertiary/
        STYLE
        	WIDTH _tertiary_width
            #if _display_tertiary_outline
            OUTLINEWIDTH _tertiary_ol_width
            OUTLINECOLOR _tertiary_ol_clr
            #endif
            ANTIALIAS TRUE
            COLOR _tertiary_clr
        END
		#if _label_tertiaries
       	LABEL
			TYPE TRUETYPE
    		PARTIALS FALSE
    		PRIORITY _roads_label_priority
    		FONT _tertiary_font
    		SIZE _tertiary_lbl_size
    		MINDISTANCE 500
    		REPEATDISTANCE 10
    		ANGLE FOLLOW
    		COLOR _tertiary_lbl_clr
    		OUTLINECOLOR _tertiary_lbl_ol_clr
    		OUTLINEWIDTH 2
    		MINFEATURESIZE AUTO
    		BUFFER 3
     	END
        #endif
 	END
	#endif
	
    #if _display_other_roads
    #if _display_other_oneways
	CLASS
   		EXPRESSION ('[oneway]' != '0' and ('[type]' = 'unclassified' or '[type]' = 'residential' or '[type]' = 'service' or '[type]' = 'road' or '[type]' = 'living_street'))
        STYLE
        	WIDTH _other_width
            #if _display_other_outline
            OUTLINEWIDTH _other_ol_width
            OUTLINECOLOR _other_ol_clr
            #endif
            ANTIALIAS TRUE
            COLOR _other_clr
        END
        STYLE
        	GAP -80
            SYMBOL "one_way_from"
        	COLOR _oneway_clr
     		SIZE _oneway_size
 		END
		#if _label_other_roads
       	LABEL
			TYPE TRUETYPE
			PARTIALS FALSE
			PRIORITY _roads_label_priority
			FONT _other_font
			SIZE _other_lbl_size
			MINDISTANCE 500
            REPEATDISTANCE 10
            ANGLE FOLLOW
			COLOR _other_lbl_clr
			OUTLINECOLOR _other_lbl_ol_clr
            OUTLINEWIDTH 1
            MINFEATURESIZE AUTO
            BUFFER 3
     	END
        #endif
 	END
  	#endif
        
        
  	CLASS
    	EXPRESSION /unclassified|residential|service|road|living_street/
        STYLE
        	WIDTH _other_width
            #if _display_other_outline
            OUTLINEWIDTH _other_ol_width
            OUTLINECOLOR _other_ol_clr
            #endif
            ANTIALIAS TRUE
            COLOR _other_clr
        END
		#if _label_other_roads
       	LABEL
			TYPE TRUETYPE
			PARTIALS FALSE
			PRIORITY _roads_label_priority
			FONT _other_font
			SIZE _other_lbl_size
			MINDISTANCE 500
            REPEATDISTANCE 10
            ANGLE FOLLOW
			COLOR _other_lbl_clr
			OUTLINECOLOR _other_lbl_ol_clr
            OUTLINEWIDTH 1
            MINFEATURESIZE AUTO
            BUFFER 3
     	END
        #endif
 	END
	#endif

    #if _display_tracks
    CLASS
    	EXPRESSION "track"
        STYLE
        	#if _display_track_outline
            OUTLINEWIDTH _track_ol_width
            OUTLINECOLOR _track_ol_clr
            #endif
            PATTERN _track_pattern END
            WIDTH _track_width
            COLOR _track_clr
        END
        #if _label_track
        LABEL
            TYPE TRUETYPE
            PARTIALS FALSE
            FONT _track_font
            SIZE _track_lbl_size
            MINDISTANCE 200
            REPEATDISTANCE 10
            ANGLE FOLLOW
            COLOR _track_lbl_clr
            OUTLINECOLOR _track_lbl_ol_clr
            OUTLINEWIDTH 2
            MINFEATURESIZE AUTO
            BUFFER 3
        END
        #endif
    END
    #endif
    
    #if _display_footways
    CLASS
        EXPRESSION 'footway'
        STYLE
        	#if _display_footways_outline
            OUTLINEWIDTH _footway_ol_width
            OUTLINECOLOR _footway_ol_clr
            #endif
            PATTERN _footway_pattern END
            WIDTH _footway_width
            COLOR _footway_clr
        END
    END
    #endif
    
    #if _display_pedestrian
    CLASS
        EXPRESSION 'pedestrian'
        STYLE
        	#if _display_pedestrian_outline
            OUTLINEWIDTH _pedestrian_ol_width
            OUTLINECOLOR _pedestrian_ol_clr
            #endif
            WIDTH _pedestrian_width 
            COLOR _pedestrian_clr
        END
        #if _label_pedestrian
        LABEL
            TYPE TRUETYPE
            PARTIALS FALSE
            FONT _pedestrian_font
            SIZE _pedestrian_lbl_size
            MINDISTANCE 200
            REPEATDISTANCE 10
            ANGLE FOLLOW
            COLOR _pedestrian_lbl_clr
            OUTLINECOLOR _pedestrian_lbl_ol_clr
            OUTLINEWIDTH 2
            MINFEATURESIZE AUTO
            BUFFER 3
        END
        #endif
    END
    #endif
END
    
#if _display_interstate_shields || _display_ushwy_shields || _display_secondary_shields
LAYER
  	GROUP "default"
    STATUS ON
    TYPE ANNOTATION
    MINSCALEDENOM _minscale
    MAXSCALEDENOM _maxscale
    NAME layername(roads,_layer_suffix)
    CONNECTIONTYPE postgis
    CONNECTION _db_connection
    DATA _roads_shield_data

    CLASSITEM "shield_class"
    LABELITEM "shield_no"
    CLASS
        EXPRESSION ('[shield_class]'="I" AND length('[shield_no]') <= 2)
		#if _display_interstate_shields
        LABEL
			TYPE TRUETYPE
            PARTIALS FALSE
            PRIORITY _shield_priority
            FONT _highway_shield_font
            SIZE _interstate_shield_lbl_size
            REPEATDISTANCE 20
            MINDISTANCE 200
            MINFEATURESIZE AUTO
            COLOR _interstate_shield_lbl_clr
            BUFFER 20
            STYLE
              	SYMBOL _interstate_shield_symbol
              	SIZE _interstate_shield_size
            END
        END
		#endif
    END

    CLASS
        EXPRESSION ('[shield_class]'="I" AND length('[shield_no]') = 3)
		#if _display_interstate_shields
        LABEL
            TYPE TRUETYPE
            PARTIALS FALSE
            PRIORITY _shield_priority
            FONT _highway_shield_font
            SIZE _interstate_shield_lbl_size
            REPEATDISTANCE 20
            MINDISTANCE 200
            MINFEATURESIZE AUTO
            COLOR _interstate_shield_lbl_clr
            BUFFER 20
            STYLE
              	SYMBOL _interstate_shield_symbol_large
              	SIZE _interstate_shield_size            
            END
        END
		#endif
    END

    CLASS
        EXPRESSION ('[shield_class]'="US" AND length('[shield_no]') <= 2)
		#if _display_ushwy_shields
        LABEL
            TYPE TRUETYPE
            PARTIALS FALSE
            PRIORITY _shield_priority
            FONT _highway_shield_font
            SIZE _ushwy_shield_lbl_size
            REPEATDISTANCE 20
            MINDISTANCE 200
            MINFEATURESIZE AUTO
            COLOR _ushwy_shield_lbl_clr
            BUFFER 20
            STYLE
             	SYMBOL _ushwy_shield_symbol
                SIZE _ushwy_shield_size
            END
        END
		#endif
    END

    CLASS
        EXPRESSION ('[shield_class]'="US" AND length('[shield_no]') = 3)
		#if _display_ushwy_shields
        LABEL
            TYPE TRUETYPE
            PARTIALS FALSE
            PRIORITY _shield_priority
            FONT _highway_shield_font
            SIZE _ushwy_shield_lbl_size
            REPEATDISTANCE 20
            MINDISTANCE 200
            MINFEATURESIZE AUTO
            COLOR _ushwy_shield_lbl_clr
            BUFFER 20
            STYLE
              	SYMBOL _ushwy_shield_symbol_large
              	SIZE _ushwy_shield_size
            END
        END
		#endif
    END

    CLASS
        EXPRESSION ("[type]"="motorway" or "[type]"="trunk" or "[shield_class]"="SR")
		#if _display_secondary_shields
        LABEL
            TYPE TRUETYPE
            PARTIALS FALSE
            PRIORITY _shield_priority
            FONT _highway_shield_font
            SIZE _secondary_shield_lbl_size
            REPEATDISTANCE 20
            MINDISTANCE 200
            MINFEATURESIZE AUTO
            COLOR _secondary_shield_lbl_clr
            BUFFER 20
            STYLE
            	SYMBOL _secondary_shield_symbol
                COLOR _secondary_shield_symbol_clr
                OUTLINECOLOR _secondary_shield_symbol_ol_clr
                SIZE _secondary_shield_size
            END
        END
 		#endif
    END

    CLASS
        EXPRESSION /[A-Z]*/
		#if _display_other_shields
        LABEL
            TYPE TRUETYPE
            PARTIALS FALSE
            PRIORITY _other_shield_priority
            FONT _highway_shield_font
	        SIZE _secondary_shield_lbl_size
            REPEATDISTANCE 100
            MINDISTANCE 200
            MINFEATURESIZE AUTO
            COLOR _secondary_shield_lbl_clr
            BUFFER 10
            STYLE
              	SYMBOL _secondary_shield_symbol
              	COLOR _secondary_shield_symbol_clr
              	OUTLINECOLOR _secondary_shield_symbol_ol_clr
                SIZE _secondary_shield_size
            END
        END
		#endif
    END

## Catch-all class to ensure motorways/trunks with no shields will get a regular label
## (This can happen either outside US or inside US if prefix is unknown)
	#if _display_catchall_shields 
    CLASS
        EXPRESSION ("[type]"="motorway" or "[type]"="trunk")
        TEXT ("[ref]")
        LABEL
            TYPE TRUETYPE
            PARTIALS FALSE
            PRIORITY 1
            FONT _motorway_font
            SIZE _motorway_lbl_size
            REPEATDISTANCE 20
            MINDISTANCE 200
            MINFEATURESIZE AUTO
            COLOR _motorway_lbl_clr
            BUFFER 3
            ANGLE FOLLOW
        END
    END
	#endif 
END
#endif // display shields?
#endif

#if _display_aeroways
LAYER
    GROUP "default"
    STATUS ON
    MINSCALEDENOM _minscale
    MAXSCALEDENOM _maxscale
    TYPE LINE
    NAME layername(aeroways,_layer_suffix)
    CONNECTIONTYPE postgis
    CONNECTION _db_connection
    DATA "geometry from (select geometry, osm_id, type from OSM_PREFIX_aeroways) as foo using unique osm_id using srid=OSM_SRID"
    CLASSITEM "type"
    CLASS
    	EXPRESSION "runway"
        STYLE
        	COLOR _runway_clr
        	WIDTH _runway_width
        	LINECAP BUTT
        	LINEJOIN MITER
      	END
      	STYLE
        	COLOR _runway_center_clr
        	WIDTH _runway_center_width
        	PATTERN _runway_center_pattern END
        	LINECAP BUTT
      	END
    END
    CLASS
      	EXPRESSION "taxiway"
      	STYLE
        	COLOR _taxiway_clr
        	WIDTH _taxiway_width
      	END
    END
END
#endif
