MAP
CONFIG 'ON_MISSING_DATA' 'IGNORE'
CONFIG 'MSERRORFILE' '../debugFile.log'
CONFIG 'PROJ_LIB' '../'
FONTSET '../fonts.lst'
IMAGETYPE png
MAXSIZE 4000
SIZE 800 800
UNITS meters
EXTENT -9474767 5071505 -6815981 6837506
IMAGECOLOR '#A5BFE0'
WEB
METADATA
"ows_enable_request""*"
"wms_srs""EPSG:900913 EPSG:4326"
"labelcache_map_edge_buffer""-10"
"wms_title""JSON WMS"
END
IMAGEPATH '/tmp/ms_tmp/'
IMAGEURL '/ms_tmp/'
END
DEBUG 5
PROJECTION
"init=epsg:900913"
END
SYMBOL
  	NAME "ellipse"
  	TYPE ellipse
  	FILLED TRUE
  	POINTS 
    	10 8
  	END
END

SYMBOL
	NAME "one_way_from"
	TYPE truetype
	FONT scb
	CHARACTER "→"
END

SYMBOL
	NAME "square"
        TYPE vector
  	POINTS 
  	 	0 0
	 	0 1
	 	1 1
	 	1 0
	 	0 0
  	END
  	FILLED true
END

SYMBOL
    name "circle"
    TYPE ellipse
    points 1 1 end
    filled true
END

SYMBOL
  	NAME "Bsymbol"
  	TYPE truetype
  	FONT sc
  	CHARACTER 'B'
END

LAYER
MAXSCALEDENOM 999999999
MINSCALEDENOM 268435456
NAME 'land1'
TYPE POLYGON
CONNECTION "host=localhost dbname=ne user=ne port=5432"
CONNECTIONTYPE POSTGIS
GROUP 'default'
STATUS ON
PROJECTION
'init=epsg:4326'
END
PROCESSING 'LABEL_NO_CLIP=ON'
PROCESSING 'CLOSE_CONNECTION=DEFER'
DATA 'geometry from (select geometry, osm_id, type, name as name from osm_new_landusages order by area desc) as foo using unique osm_id using srid=900913'
CLASS
STYLE
COLOR '#C2D1B2'
OUTLINEWIDTH 1
OUTLINECOLOR 193 181 157
END
END
END
LAYER
MAXSCALEDENOM 999999999
MINSCALEDENOM 268435456
NAME 'landuse1'
TYPE POLYGON
CONNECTION "host=localhost dbname=ne user=ne port=5432"
CONNECTIONTYPE POSTGIS
GROUP 'default'
STATUS ON
PROJECTION
'init=epsg:4326'
END
PROCESSING 'LABEL_NO_CLIP=ON'
PROCESSING 'CLOSE_CONNECTION=DEFER'
DATA "the_geom from ne_110m_ocean using unique gid using srid=4326"
CLASS
STYLE
COLOR 1 1 255
OUTLINEWIDTH 1
OUTLINECOLOR 193 181 157
END
END
END

LAYER
MAXSCALEDENOM 268435455
MINSCALEDENOM 134217728
NAME 'land2'
TYPE POLYGON
CONNECTION "host=localhost dbname=ne user=ne port=5432"
CONNECTIONTYPE POSTGIS
GROUP 'default'
STATUS ON
PROJECTION
'init=epsg:4326'
END
PROCESSING 'LABEL_NO_CLIP=ON'
PROCESSING 'CLOSE_CONNECTION=DEFER'
DATA 'geometry from (select geometry, osm_id, type, name as name from osm_new_landusages order by area desc) as foo using unique osm_id using srid=900913'
CLASS
STYLE
COLOR '#C2D1B2'
OUTLINEWIDTH 1
OUTLINECOLOR 193 181 157
END
END
END
LAYER
MAXSCALEDENOM 268435455
MINSCALEDENOM 134217728
NAME 'landuse2'
TYPE POLYGON
CONNECTION "host=localhost dbname=ne user=ne port=5432"
CONNECTIONTYPE POSTGIS
GROUP 'default'
STATUS ON
PROJECTION
'init=epsg:4326'
END
PROCESSING 'LABEL_NO_CLIP=ON'
PROCESSING 'CLOSE_CONNECTION=DEFER'
DATA "the_geom from ne_110m_ocean using unique gid using srid=4326"
CLASS
STYLE
COLOR 1 1 255
OUTLINEWIDTH 1
OUTLINECOLOR 193 181 157
END
END
END

LAYER
MAXSCALEDENOM 134217727
MINSCALEDENOM 67108864
NAME 'land3'
TYPE POLYGON
CONNECTION "host=localhost dbname=ne user=ne port=5432"
CONNECTIONTYPE POSTGIS
GROUP 'default'
STATUS ON
PROJECTION
'init=epsg:4326'
END
PROCESSING 'LABEL_NO_CLIP=ON'
PROCESSING 'CLOSE_CONNECTION=DEFER'
DATA 'geometry from (select geometry, osm_id, type, name as name from osm_new_landusages order by area desc) as foo using unique osm_id using srid=900913'
CLASS
STYLE
COLOR '#C2D1B2'
OUTLINEWIDTH 1
OUTLINECOLOR 193 181 157
END
END
END
LAYER
MAXSCALEDENOM 134217727
MINSCALEDENOM 67108864
NAME 'landuse3'
TYPE POLYGON
CONNECTION "host=localhost dbname=ne user=ne port=5432"
CONNECTIONTYPE POSTGIS
GROUP 'default'
STATUS ON
PROJECTION
'init=epsg:4326'
END
PROCESSING 'LABEL_NO_CLIP=ON'
PROCESSING 'CLOSE_CONNECTION=DEFER'
DATA "the_geom from ne_110m_ocean using unique gid using srid=4326"
CLASS
STYLE
COLOR 1 1 255
OUTLINEWIDTH 1
OUTLINECOLOR 193 181 157
END
END
END

LAYER
MAXSCALEDENOM 67108863
MINSCALEDENOM 33554432
NAME 'land4'
TYPE POLYGON
CONNECTION "host=localhost dbname=ne user=ne port=5432"
CONNECTIONTYPE POSTGIS
GROUP 'default'
STATUS ON
PROJECTION
'init=epsg:4326'
END
PROCESSING 'LABEL_NO_CLIP=ON'
PROCESSING 'CLOSE_CONNECTION=DEFER'
DATA 'geometry from (select geometry, osm_id, type, name as name from osm_new_landusages order by area desc) as foo using unique osm_id using srid=900913'
CLASS
STYLE
COLOR '#DCDCB4'
OUTLINEWIDTH 2
OUTLINECOLOR 193 181 157
END
END
END
LAYER
MAXSCALEDENOM 67108863
MINSCALEDENOM 33554432
NAME 'landuse4'
TYPE POLYGON
CONNECTION "host=localhost dbname=ne user=ne port=5432"
CONNECTIONTYPE POSTGIS
GROUP 'default'
STATUS ON
PROJECTION
'init=epsg:4326'
END
PROCESSING 'LABEL_NO_CLIP=ON'
PROCESSING 'CLOSE_CONNECTION=DEFER'
DATA "the_geom from ne_110m_ocean using unique gid using srid=4326"
CLASS
STYLE
COLOR 1 100 255
OUTLINEWIDTH 2
OUTLINECOLOR 193 181 157
END
END
END

LAYER
MAXSCALEDENOM 33554431
MINSCALEDENOM 16777216
NAME 'land5'
TYPE POLYGON
CONNECTION "host=localhost dbname=ne user=ne port=5432"
CONNECTIONTYPE POSTGIS
GROUP 'default'
STATUS ON
PROJECTION
'init=epsg:4326'
END
PROCESSING 'LABEL_NO_CLIP=ON'
PROCESSING 'CLOSE_CONNECTION=DEFER'
DATA 'geometry from (select geometry, osm_id, type, name as name from osm_new_landusages order by area desc) as foo using unique osm_id using srid=900913'
CLASS
STYLE
COLOR '#DCDCB4'
OUTLINEWIDTH 2
OUTLINECOLOR 193 181 157
END
END
END
LAYER
MAXSCALEDENOM 33554431
MINSCALEDENOM 16777216
NAME 'landuse5'
TYPE POLYGON
CONNECTION "host=localhost dbname=ne user=ne port=5432"
CONNECTIONTYPE POSTGIS
GROUP 'default'
STATUS ON
PROJECTION
'init=epsg:4326'
END
PROCESSING 'LABEL_NO_CLIP=ON'
PROCESSING 'CLOSE_CONNECTION=DEFER'
DATA "the_geom from ne_110m_ocean using unique gid using srid=4326"
CLASS
STYLE
COLOR 1 100 255
OUTLINEWIDTH 2
OUTLINECOLOR 193 181 157
END
END
END

LAYER
MAXSCALEDENOM 16777215
MINSCALEDENOM 8388608
NAME 'land6'
TYPE POLYGON
CONNECTION "host=localhost dbname=ne user=ne port=5432"
CONNECTIONTYPE POSTGIS
GROUP 'default'
STATUS ON
PROJECTION
'init=epsg:4326'
END
PROCESSING 'LABEL_NO_CLIP=ON'
PROCESSING 'CLOSE_CONNECTION=DEFER'
DATA 'geometry from (select geometry, osm_id, type, name as name from osm_new_landusages order by area desc) as foo using unique osm_id using srid=900913'
CLASS
STYLE
COLOR '#DCDCB4'
OUTLINEWIDTH 2
OUTLINECOLOR 193 181 157
END
END
END
LAYER
MAXSCALEDENOM 16777215
MINSCALEDENOM 8388608
NAME 'landuse6'
TYPE POLYGON
CONNECTION "host=localhost dbname=ne user=ne port=5432"
CONNECTIONTYPE POSTGIS
GROUP 'default'
STATUS ON
PROJECTION
'init=epsg:4326'
END
PROCESSING 'LABEL_NO_CLIP=ON'
PROCESSING 'CLOSE_CONNECTION=DEFER'
DATA "the_geom from ne_110m_ocean using unique gid using srid=4326"
CLASS
STYLE
COLOR 1 100 255
OUTLINEWIDTH 2
OUTLINECOLOR 193 181 157
END
END
END











END
