    LAYER
        MAXSCALEDENOM 134217728
        MINSCALEDENOM 67108864
        NAME 'ocean3'
        TYPE POLYGON
        GROUP 'default'
        STATUS ON
        PROJECTION
            'init=epsg:4326'
        END
        PROCESSING 'LABEL_NO_CLIP=ON'
        PROCESSING 'CLOSE_CONNECTION=DEFER'
        DATA '110m_physical/ne_110m_ocean'
        CLASS
            STYLE
                COLOR '#C6E2F2'
            END
        END
    END
    LAYER
        MAXSCALEDENOM 134217728
        MINSCALEDENOM 67108864
        NAME 'land3'
        TYPE POLYGON
        GROUP 'default'
        STATUS ON
        PROJECTION
            'init=epsg:4326'
        END
        PROCESSING 'LABEL_NO_CLIP=ON'
        PROCESSING 'CLOSE_CONNECTION=DEFER'
        DATA '110m_physical/ne_110m_land'
        CLASS
            STYLE
                COLOR '#EEECDF'
            END
        END
    END
    LAYER
        MAXSCALEDENOM 134217728
        MINSCALEDENOM 67108864
        NAME 'coastline3'
        TYPE LINE
        GROUP 'default'
        STATUS ON
        PROJECTION
            'init=epsg:4326'
        END
        PROCESSING 'LABEL_NO_CLIP=ON'
        PROCESSING 'CLOSE_CONNECTION=DEFER'
        DATA '110m_physical/ne_110m_coastline'
        CLASS
            STYLE
                COLOR '#469FC3'
            END
        END
    END
    LAYER
        MAXSCALEDENOM 134217728
        MINSCALEDENOM 67108864
        NAME 'lakes3'
        TYPE POLYGON
        GROUP 'default'
        STATUS ON
        PROJECTION
            'init=epsg:4326'
        END
        PROCESSING 'LABEL_NO_CLIP=ON'
        PROCESSING 'CLOSE_CONNECTION=DEFER'
        DATA '110m_physical/ne_110m_lakes'
        CLASS
            STYLE
                COLOR '#C6E2F2'
                OUTLINECOLOR '#469FC3'
            END
        END
    END
    LAYER
        MAXSCALEDENOM 134217728
        MINSCALEDENOM 67108864
        NAME 'country_boundaries3'
        TYPE LINE
        GROUP 'default'
        STATUS ON
        PROJECTION
            'init=epsg:4326'
        END
        PROCESSING 'LABEL_NO_CLIP=ON'
        PROCESSING 'CLOSE_CONNECTION=DEFER'
        DATA '110m_cultural/ne_110m_admin_0_boundary_lines_land'
        CLASS
            STYLE
                COLOR '#CBCCCA'
            END
        END
    END
    LAYER
        MAXSCALEDENOM 134217728
        MINSCALEDENOM 67108864
        NAME 'countries3'
        TYPE POLYGON
        GROUP 'default'
        STATUS ON
        PROJECTION
            'init=epsg:4326'
        END
        PROCESSING 'LABEL_NO_CLIP=ON'
        PROCESSING 'CLOSE_CONNECTION=DEFER'
        DATA '110m_cultural/ne_110m_admin_0_countries'
        LABELITEM 'NAME'
        CLASS
            LABEL
                COLOR 100 100 100
                OUTLINECOLOR 255 255 255
                FONT 'sc'
                TYPE truetype
                SIZE 10
                POSITION AUTO
                PARTIALS FALSE
            END
        END
    END
