MAP
CONFIG 'ON_MISSING_DATA' 'IGNORE'
CONFIG 'MSERRORFILE' '../debugFile.log'
CONFIG 'PROJ_LIB' '../'
FONTSET '../fonts.lst'
IMAGETYPE png
MAXSIZE 4000
SIZE 800 800
UNITS meters
EXTENT -9474767 5071505 -6815981 6837506
IMAGECOLOR '#A5BFE0'
WEB
METADATA
"ows_enable_request""*"
"wms_srs""EPSG:900913 EPSG:4326"
"labelcache_map_edge_buffer""-10"
"wms_title""JSON WMS"
END
IMAGEPATH '/tmp/ms_tmp/'
IMAGEURL '/ms_tmp/'
END
DEBUG 5
PROJECTION
"init=epsg:900913"
END
LAYER
MAXSCALEDENOM 999999999
MINSCALEDENOM 1000000
NAME 'landuse1'
TYPE POLYGON
CONNECTION "host=localhost dbname=ne user=ne port=5432"
CONNECTIONTYPE POSTGIS
GROUP 'default'
STATUS ON
PROJECTION
'init=epsg:4326'
END
PROCESSING 'LABEL_NO_CLIP=ON'
PROCESSING 'CLOSE_CONNECTION=DEFER'
DATA "the_geom from ne_110m_ocean using unique gid using srid=4326"
CLASS
STYLE
COLOR 1 1 255
OUTLINEWIDTH 1
OUTLINECOLOR 193 181 157
END
END
END
LAYER
MAXSCALEDENOM 999999999
MINSCALEDENOM 1000000
NAME 'land1'
TYPE POLYGON
CONNECTION "host=localhost dbname=ne user=ne port=5432"
CONNECTIONTYPE POSTGIS
GROUP 'default'
STATUS ON
PROJECTION
'init=epsg:4326'
END
PROCESSING 'LABEL_NO_CLIP=ON'
PROCESSING 'CLOSE_CONNECTION=DEFER'
DATA "the_geom from ne_110m_admin_0_countries using unique gid using srid=4326"
CLASS
STYLE
COLOR '#C2D1B2'
OUTLINEWIDTH 1
OUTLINECOLOR 193 181 157
END
END
END

LAYER
MAXSCALEDENOM 500000
MINSCALEDENOM 250000
NAME 'landuse3'
TYPE POLYGON
CONNECTION "host=localhost dbname=ne user=ne port=5432"
CONNECTIONTYPE POSTGIS
GROUP 'default'
STATUS ON
PROJECTION
'init=epsg:4326'
END
PROCESSING 'LABEL_NO_CLIP=ON'
PROCESSING 'CLOSE_CONNECTION=DEFER'
DATA "the_geom from ne_110m_ocean using unique gid using srid=4326"
CLASS
STYLE
COLOR 1 1 255
OUTLINEWIDTH 1
OUTLINECOLOR 193 181 157
END
END
END
LAYER
MAXSCALEDENOM 500000
MINSCALEDENOM 250000
NAME 'land3'
TYPE POLYGON
CONNECTION "host=localhost dbname=ne user=ne port=5432"
CONNECTIONTYPE POSTGIS
GROUP 'default'
STATUS ON
PROJECTION
'init=epsg:4326'
END
PROCESSING 'LABEL_NO_CLIP=ON'
PROCESSING 'CLOSE_CONNECTION=DEFER'
DATA "the_geom from ne_110m_admin_0_countries using unique gid using srid=4326"
CLASS
STYLE
COLOR '#C2D1B2'
OUTLINEWIDTH 1
OUTLINECOLOR 193 181 157
END
END
END

LAYER
MAXSCALEDENOM 1000000
MINSCALEDENOM 500000
NAME 'landuse2'
TYPE POLYGON
CONNECTION "host=localhost dbname=ne user=ne port=5432"
CONNECTIONTYPE POSTGIS
GROUP 'default'
STATUS ON
PROJECTION
'init=epsg:4326'
END
PROCESSING 'LABEL_NO_CLIP=ON'
PROCESSING 'CLOSE_CONNECTION=DEFER'
DATA "the_geom from ne_110m_ocean using unique gid using srid=4326"
CLASS
STYLE
COLOR 1 1 255
OUTLINEWIDTH 1
OUTLINECOLOR 193 181 157
END
END
END
LAYER
MAXSCALEDENOM 1000000
MINSCALEDENOM 500000
NAME 'land2'
TYPE POLYGON
CONNECTION "host=localhost dbname=ne user=ne port=5432"
CONNECTIONTYPE POSTGIS
GROUP 'default'
STATUS ON
PROJECTION
'init=epsg:4326'
END
PROCESSING 'LABEL_NO_CLIP=ON'
PROCESSING 'CLOSE_CONNECTION=DEFER'
DATA "the_geom from ne_110m_admin_0_countries using unique gid using srid=4326"
CLASS
STYLE
COLOR '#C2D1B2'
OUTLINEWIDTH 1
OUTLINECOLOR 193 181 157
END
END
END

LAYER
MAXSCALEDENOM 100000
MINSCALEDENOM 50000
NAME 'landuse5'
TYPE POLYGON
CONNECTION "host=localhost dbname=ne user=ne port=5432"
CONNECTIONTYPE POSTGIS
GROUP 'default'
STATUS ON
PROJECTION
'init=epsg:4326'
END
PROCESSING 'LABEL_NO_CLIP=ON'
PROCESSING 'CLOSE_CONNECTION=DEFER'
DATA "the_geom from ne_110m_ocean using unique gid using srid=4326"
CLASS
STYLE
COLOR 1 100 255
OUTLINEWIDTH 2
OUTLINECOLOR 193 181 157
END
END
END
LAYER
MAXSCALEDENOM 100000
MINSCALEDENOM 50000
NAME 'land5'
TYPE POLYGON
CONNECTION "host=localhost dbname=ne user=ne port=5432"
CONNECTIONTYPE POSTGIS
GROUP 'default'
STATUS ON
PROJECTION
'init=epsg:4326'
END
PROCESSING 'LABEL_NO_CLIP=ON'
PROCESSING 'CLOSE_CONNECTION=DEFER'
DATA "the_geom from ne_110m_admin_0_countries using unique gid using srid=4326"
CLASS
STYLE
COLOR '#DCDCB4'
OUTLINEWIDTH 2
OUTLINECOLOR 193 181 157
END
END
END

LAYER
MAXSCALEDENOM 250000
MINSCALEDENOM 100000
NAME 'landuse4'
TYPE POLYGON
CONNECTION "host=localhost dbname=ne user=ne port=5432"
CONNECTIONTYPE POSTGIS
GROUP 'default'
STATUS ON
PROJECTION
'init=epsg:4326'
END
PROCESSING 'LABEL_NO_CLIP=ON'
PROCESSING 'CLOSE_CONNECTION=DEFER'
DATA "the_geom from ne_110m_ocean using unique gid using srid=4326"
CLASS
STYLE
COLOR 1 100 255
OUTLINEWIDTH 2
OUTLINECOLOR 193 181 157
END
END
END
LAYER
MAXSCALEDENOM 250000
MINSCALEDENOM 100000
NAME 'land4'
TYPE POLYGON
CONNECTION "host=localhost dbname=ne user=ne port=5432"
CONNECTIONTYPE POSTGIS
GROUP 'default'
STATUS ON
PROJECTION
'init=epsg:4326'
END
PROCESSING 'LABEL_NO_CLIP=ON'
PROCESSING 'CLOSE_CONNECTION=DEFER'
DATA "the_geom from ne_110m_admin_0_countries using unique gid using srid=4326"
CLASS
STYLE
COLOR '#DCDCB4'
OUTLINEWIDTH 2
OUTLINECOLOR 193 181 157
END
END
END


LAYER
MAXSCALEDENOM 50000
MINSCALEDENOM 25000
NAME 'landuse6'
TYPE POLYGON
CONNECTION "host=localhost dbname=ne user=ne port=5432"
CONNECTIONTYPE POSTGIS
GROUP 'default'
STATUS ON
PROJECTION
'init=epsg:4326'
END
PROCESSING 'LABEL_NO_CLIP=ON'
PROCESSING 'CLOSE_CONNECTION=DEFER'
DATA "the_geom from ne_110m_ocean using unique gid using srid=4326"
CLASS
STYLE
COLOR 1 100 255
OUTLINEWIDTH 2
OUTLINECOLOR 193 181 157
END
END
END
LAYER
MAXSCALEDENOM 50000
MINSCALEDENOM 25000
NAME 'land6'
TYPE POLYGON
CONNECTION "host=localhost dbname=ne user=ne port=5432"
CONNECTIONTYPE POSTGIS
GROUP 'default'
STATUS ON
PROJECTION
'init=epsg:4326'
END
PROCESSING 'LABEL_NO_CLIP=ON'
PROCESSING 'CLOSE_CONNECTION=DEFER'
DATA "the_geom from ne_110m_admin_0_countries using unique gid using srid=4326"
CLASS
STYLE
COLOR '#DCDCB4'
OUTLINEWIDTH 2
OUTLINECOLOR 193 181 157
END
END
END


END
