LAYER
    NAME 'country_boundaries'
    TYPE LINE
    METADATA 
        "wms_include_items" "all" 
    END
    TEMPLATE 'blank.html'
    GROUP 'default'
    STATUS ON
    PROJECTION
   	 	'init=epsg:4326'
    END
    PROCESSING 'LABEL_NO_CLIP=ON'
    PROCESSING 'CLOSE_CONNECTION=DEFER'
    DATA '50m_cultural/ne_50m_admin_0_boundary_lines_land'
    CLASS
    	STYLE
    		COLOR '#CBCCCA'
    	END
	END
END


LAYER
    MAXSCALEDENOM 134217728
    NAME 'countries'
    METADATA 
        "wms_include_items" "all" 
    END
    TEMPLATE 'blank.html'
    TYPE POLYGON
    GROUP 'default'
    STATUS ON
    PROJECTION
    	'init=epsg:4326'
    END
    PROCESSING 'LABEL_NO_CLIP=ON'
    PROCESSING 'CLOSE_CONNECTION=DEFER'
    DATA '50m_cultural/ne_50m_admin_0_countries'
    LABELITEM 'NAME'
    CLASS
        LABEL
            COLOR 100 100 100
            OUTLINECOLOR 255 255 255
            FONT 'sc'
            TYPE truetype
            SIZE 10
            POSITION AUTO
            PARTIALS FALSE
        END
    END
END
